# map file that uses HEAD to build the EPP Usage Data Collector
# testing is not yet included!

# feature
feature@org.eclipse.epp.usagedata.feature=HEAD,:pserver:anonymous@dev.eclipse.org:/cvsroot/technology,,org.eclipse.epp/features/org.eclipse.epp.usagedata.feature

# plugins
plugin@org.eclipse.epp.usagedata.gathering=HEAD,:pserver:anonymous@dev.eclipse.org:/cvsroot/technology,,org.eclipse.epp/plugins/org.eclipse.epp.usagedata.gathering
plugin@org.eclipse.epp.usagedata.recording=HEAD,:pserver:anonymous@dev.eclipse.org:/cvsroot/technology,,org.eclipse.epp/plugins/org.eclipse.epp.usagedata.recording
plugin@org.eclipse.epp.usagedata.ui=HEAD,:pserver:anonymous@dev.eclipse.org:/cvsroot/technology,,org.eclipse.epp/plugins/org.eclipse.epp.usagedata.ui

# bundles from Orbit
plugin@org.apache.commons.codec,1.3.0.v200711021030=GET,http://download.eclipse.org/tools/orbit/downloads/drops/S200712072116/bundles/org.apache.commons.codec_1.3.0.v200711021030.jar,unpack=false,verbose=true
plugin@org.apache.commons.httpclient,3.1.0.v200712051435=GET,http://download.eclipse.org/tools/orbit/downloads/drops/S200712072116/bundles/org.apache.commons.httpclient_3.1.0.v200712051435.jar,unpack=false,verbose=true
plugin@org.apache.commons.logging,1.0.4.v200711021015=GET,http://download.eclipse.org/tools/orbit/downloads/drops/S200712072116/bundles/org.apache.commons.logging_1.0.4.v200711021015.jar,unpack=false,verbose=true

